
> name-nosferatu@1.0.2 test:coverage C:\Users\alw4834\WebstormProjects\Naming-Nosferatu
> vitest --coverage --config config/vitest.config.ts


[1m[44m DEV [49m[22m [34mv4.0.18 [39m[90mC:/Users/alw4834/WebstormProjects/Naming-Nosferatu[39m
      [2mCoverage enabled with [22m[33mv8[39m

 [31m❯[39m src/app/main.test.tsx [2m([22m[2m2 tests[22m[2m | [22m[31m2 failed[39m[2m)[22m[32m 163[2mms[22m[39m
[31m     [31m×[31m mounts App inside the expected providers[39m[32m 143[2mms[22m[39m
[31m     [31m×[31m throws when the root element is missing[39m[32m 17[2mms[22m[39m
 [31m❯[39m src/shared/components/layout/FloatingNavbar.test.tsx [2m([22m[2m7 tests[22m[2m | [22m[31m2 failed[39m[2m)[22m[33m 874[2mms[22m[39m
     [33m[2m✓[22m[39m renders home navigation items and tracks the active section [33m 508[2mms[22m[39m
     [32m✓[39m promotes the first item to a highlighted start action when enough names are selected[32m 76[2mms[22m[39m
[31m     [31m×[31m shows analyze as the current destination on the analysis route[39m[32m 70[2mms[22m[39m
     [32m✓[39m uses pressed semantics for the layout mode chip without treating it as the current destination[32m 79[2mms[22m[39m
     [32m✓[39m renders the logged-in avatar when available[32m 19[2mms[22m[39m
     [32m✓[39m keeps the admin profile icon treatment when no avatar is present[32m 66[2mms[22m[39m
[31m     [31m×[31m does not render on the tournament route[39m[32m 48[2mms[22m[39m
 [32m✓[39m src/shared/components/layout/Lightbox.test.tsx [2m([22m[2m1 test[22m[2m)[22m[33m 481[2mms[22m[39m
     [33m[2m✓[22m[39m restores focus to the opener after closing [33m 477[2mms[22m[39m
 [31m❯[39m src/app/App.test.tsx [2m([22m[2m2 tests[22m[2m | [22m[31m2 failed[39m[2m)[22m[32m 74[2mms[22m[39m
[31m     [31m×[31m renders the tournament flow on home route[39m[32m 42[2mms[22m[39m
[31m     [31m×[31m renders the tournament page[39m[32m 28[2mms[22m[39m
 [32m✓[39m src/shared/components/layout/ConfirmDialog.test.tsx [2m([22m[2m2 tests[22m[2m)[22m[33m 403[2mms[22m[39m
     [33m[2m✓[22m[39m traps focus within the dialog controls [33m 380[2mms[22m[39m
 [32m✓[39m src/features/tournament/modes/TournamentFlow.test.tsx [2m([22m[2m2 tests[22m[2m)[22m[33m 340[2mms[22m[39m
 [32m✓[39m src/features/tournament/components/ProfileSection.test.tsx [2m([22m[2m2 tests[22m[2m)[22m[32m 285[2mms[22m[39m
 [32m✓[39m src/app/providers/Providers.test.tsx [2m([22m[2m4 tests[22m[2m)[22m[33m 380[2mms[22m[39m
node.exe : [90mstderr[2m | 
src/features/tournament/hooks/useTournamentSelectionSaver.test.ts[2m > 
[22m[2museTournamentSelectionSaver[2m > [22m[2mwith SaverOptions (API 
signature)[2m > [22m[2mloadSavedSelection handles JSON parsing errors 
gracefully
At C:\Users\alw4834\AppData\Roaming\npm\pnpm.ps1:24 char:5
+     & "node$exe"  "$basedir/node_modules/pnpm/bin/pnpm.cjs" $args
+     ~~~~~~~~~~~~~~~~~~~~~~~~~~~~~~~~~~~~~~~~~~~~~~~~~~~~~~~~~~~~~
    + CategoryInfo          : NotSpecified: ([90mstderr[2m...rors gracefully 
   :String) [], RemoteException
    + FullyQualifiedErrorId : NativeCommandError
 
[22m[39m[storage] Failed to parse JSON from localStorage: SyntaxError: 
Unexpected token 'i', "invalid json[}" is not valid JSON
    at JSON.parse (<anonymous>)
    at parseJsonValue (C:/Users/alw4834/WebstormProjects/Naming-Nosferatu/src/s
hared/lib/storage.ts:54:29)
    at readStorageJson (C:/Users/alw4834/WebstormProjects/Naming-Nosferatu/src/
shared/lib/storage.ts:62:16)
    at Object.loadSavedSelection (C:/Users/alw4834/WebstormProjects/Naming-Nosf
eratu/src/features/tournament/hooks/useTournamentSelectionSaver.ts:76:10)
    at C:/Users/alw4834/WebstormProjects/Naming-Nosferatu/src/features/tourname
nt/hooks/useTournamentSelectionSaver.test.ts:139:34
    at [90mfile:///C:/Users/alw4834/WebstormProjects/Naming-Nosferatu/[39mnod
e_modules/[4m.pnpm[24m/@vitest+runner@4.0.18/node_modules/[4m@vitest/runner
[24m/dist/index.js:145:11
    at [90mfile:///C:/Users/alw4834/WebstormProjects/Naming-Nosferatu/[39mnod
e_modules/[4m.pnpm[24m/@vitest+runner@4.0.18/node_modules/[4m@vitest/runner
[24m/dist/index.js:915:26
    at [90mfile:///C:/Users/alw4834/WebstormProjects/Naming-Nosferatu/[39mnod
e_modules/[4m.pnpm[24m/@vitest+runner@4.0.18/node_modules/[4m@vitest/runner
[24m/dist/index.js:1243:20
    at new Promise (<anonymous>)
    at runWithTimeout [90m(file:///C:/Users/alw4834/WebstormProjects/Naming-No
sferatu/[39mnode_modules/[4m.pnpm[24m/@vitest+runner@4.0.18/node_modules/[4
m@vitest/runner[24m/dist/index.js:1209:10[90m)[39m

 [32m✓[39m src/features/tournament/hooks/useTournamentSelectionSaver.test.ts [2m([22m[2m11 tests[22m[2m)[22m[32m 70[2mms[22m[39m
 [32m✓[39m src/shared/components/layout/Card/Card.test.tsx [2m([22m[2m2 tests[22m[2m)[22m[32m 86[2mms[22m[39m
 [32m✓[39m src/shared/components/layout/FormPrimitives.test.tsx [2m([22m[2m3 tests[22m[2m)[22m[32m 99[2mms[22m[39m
 [32m✓[39m src/shared/components/layout/LightboxImage.test.tsx [2m([22m[2m2 tests[22m[2m)[22m[32m 76[2mms[22m[39m
 [32m✓[39m src/shared/services/supabase/api.test.ts [2m([22m[2m12 tests[22m[2m)[22m[32m 20[2mms[22m[39m
 [32m✓[39m src/shared/hooks/useNameSuggestion.test.tsx [2m([22m[2m5 tests[22m[2m)[22m[32m 42[2mms[22m[39m
 [32m✓[39m src/shared/hooks/useNamesCache.test.ts [2m([22m[2m4 tests[22m[2m)[22m[32m 45[2mms[22m[39m
 [32m✓[39m scripts/check-circular-dependencies.test.ts [2m([22m[2m3 tests[22m[2m)[22m[32m 48[2mms[22m[39m
 [32m✓[39m src/shared/lib/basic.test.ts [2m([22m[2m32 tests[22m[2m)[22m[32m 24[2mms[22m[39m
 [32m✓[39m src/features/names/mutations.test.ts [2m([22m[2m23 tests[22m[2m)[22m[32m 29[2mms[22m[39m
 [32m✓[39m src/features/names/queries.test.ts [2m([22m[2m12 tests[22m[2m)[22m[32m 19[2mms[22m[39m
 [32m✓[39m src/shared/services/errorManager.test.ts [2m([22m[2m6 tests[22m[2m)[22m[32m 17[2mms[22m[39m
[90mstderr[2m | src/shared/services/supabase/api.images.test.ts[2m > 
[22m[2mimagesAPI[2m > [22m[2mimagesAPI.list[2m > [22m[2mshould return 
empty array and log error when listing fails
[22m[39mFailed to list images: { message: [32m'Bucket not found'[39m }

[90mstderr[2m | src/shared/services/supabase/api.images.test.ts[2m > 
[22m[2mimagesAPI[2m > [22m[2mimagesAPI.upload[2m > [22m[2mshould 
return error when upload fails
[22m[39mUpload failed: { message: [32m'Network error'[39m }

 [32m✓[39m src/shared/services/supabase/api.images.test.ts [2m([22m[2m8 tests[22m[2m)[22m[32m 18[2mms[22m[39m
 [32m✓[39m src/features/tournament/services/tournament.test.ts [2m([22m[2m31 tests[22m[2m)[22m[32m 18[2mms[22m[39m
 [32m✓[39m src/shared/lib/performance.test.ts [2m([22m[2m2 tests[22m[2m)[22m[32m 9[2mms[22m[39m
 [32m✓[39m src/features/names/mapNameRow.test.ts [2m([22m[2m3 tests[22m[2m)[22m[32m 6[2mms[22m[39m
 [32m✓[39m src/features/tournament/hooks/tournamentPersistence.test.ts [2m([22m[2m5 tests[22m[2m)[22m[32m 5[2mms[22m[39m
 [32m✓[39m src/features/analytics/analyticsService.test.ts [2m([22m[2m2 tests[22m[2m)[22m[32m 7[2mms[22m[39m
 [32m✓[39m src/app/analytics.test.ts [2m([22m[2m3 tests[22m[2m)[22m[32m 4[2mms[22m[39m
 [32m✓[39m src/shared/services/supabase/runtime.test.ts [2m([22m[2m2 tests[22m[2m)[22m[32m 6[2mms[22m[39m

[31m⎯⎯⎯⎯⎯⎯⎯[39m[1m[41m Failed Tests 6 [49m[22m[31m⎯⎯⎯⎯⎯⎯⎯[39m

[41m[1m FAIL [22m[49m src/app/App.test.tsx[2m > [22mApp Component[2m > 
[22mrenders the tournament flow on home route
[41m[1m FAIL [22m[49m src/app/App.test.tsx[2m > [22mApp Component[2m > 
[22mrenders the tournament page
[31m[1mError[22m: No QueryClient set, use QueryClientProvider to set 
one[39m
[90m [2m❯[22m useQueryClient node_modules/.pnpm/@tanstack+react-query@5.90.2
1_react@19.2.4/node_modules/@tanstack/react-query/build/modern/QueryClientProvi
der.js:[2m15:11[22m[39m
[90m [2m❯[22m useBaseQuery node_modules/.pnpm/@tanstack+react-query@5.90.21_
react@19.2.4/node_modules/@tanstack/react-query/build/modern/useBaseQuery.js:[
2m30:18[22m[39m
[90m [2m❯[22m useQuery node_modules/.pnpm/@tanstack+react-query@5.90.21_reac
t@19.2.4/node_modules/@tanstack/react-query/build/modern/useQuery.js:[2m7:10[
22m[39m
[36m [2m❯[22m HomeContent src/app/App.tsx:[2m92:28[22m[39m
    [90m 90| [39m[35mfunction[39m [33mHomeContent[39m() {
    [90m 91| [39m        [35mconst[39m { login } [33m=[39m 
[34museAuth[39m()[33m;[39m
    [90m 92| [39m        [35mconst[39m namesQuery [33m=[39m 
[34museQuery[39m([34mnamesQueryOptions[39m([35mtrue[39m))[33m;[39m
    [90m   | [39m                           [31m^[39m
    [90m 93| [39m        [35mconst[39m lockedNames [33m=[39m 
[34mgetLockedNames[39m(namesQuery[33m.[39mdata[33m?.[39mnames)[33m;[39m
    [90m 94| [39m        const [hoveredWordIdx, setHoveredWordIdx] = 
useState<number | …
[90m [2m❯[22m Object.react_stack_bottom_frame node_modules/.pnpm/react-dom@1
9.2.4_react@19.2.4/node_modules/react-dom/cjs/react-dom-client.development.js:
[2m25904:20[22m[39m
[90m [2m❯[22m renderWithHooks node_modules/.pnpm/react-dom@19.2.4_react@19.2
.4/node_modules/react-dom/cjs/react-dom-client.development.js:[2m7662:22[22m
[39m
[90m [2m❯[22m updateFunctionComponent node_modules/.pnpm/react-dom@19.2.4_re
act@19.2.4/node_modules/react-dom/cjs/react-dom-client.development.js:[2m10166
:19[22m[39m
[90m [2m❯[22m beginWork node_modules/.pnpm/react-dom@19.2.4_react@19.2.4/nod
e_modules/react-dom/cjs/react-dom-client.development.js:[2m11778:18[22m[39m
[90m [2m❯[22m runWithFiberInDEV node_modules/.pnpm/react-dom@19.2.4_react@19
.2.4/node_modules/react-dom/cjs/react-dom-client.development.js:[2m874:13[22m
[39m
[90m [2m❯[22m performUnitOfWork node_modules/.pnpm/react-dom@19.2.4_react@19
.2.4/node_modules/react-dom/cjs/react-dom-client.development.js:[2m17641:22[2
2m[39m

[31m[2m⎯⎯⎯⎯⎯⎯⎯⎯⎯⎯⎯⎯⎯⎯⎯⎯⎯⎯⎯⎯⎯⎯⎯⎯[1/6]⎯[22m[39m

[41m[1m FAIL [22m[49m src/app/main.test.tsx[2m > [22mmain bootstrap[2m 
> [22mmounts App inside the expected providers
[31m[1mError[22m: [vitest] No "QueryClient" export is defined on the 
"@tanstack/react-query" mock. Did you forget to return it from "vi.mock"?
If you need to partially mock a module, you can use "importOriginal" helper 
inside:
[39m
vi.mock(import("@tanstack/react-query"), async (importOriginal) => {
  const actual = await importOriginal()
  return {
    ...actual,
    // your mocked methods
  }
})

[36m [2m❯[22m src/shared/services/supabase/runtime.ts:[2m7:32[22m[39m
    [90m  5| [39mimport { getStorageString, isStorageAvailable } from 
"@/shared/lib/sto…
    [90m  6| [39m
    [90m  7| [39m[35mexport[39m [35mconst[39m queryClient [33m=[39m 
[35mnew[39m [33mQueryClient[39m({
    [90m   | [39m                               [31m^[39m
    [90m  8| [39m defaultOptions[33m:[39m {
    [90m  9| [39m  queries[33m:[39m {
[90m [2m❯[22m src/services/supabaseAuthAdapter.ts:[2m9:1[22m[39m

[31m[2m⎯⎯⎯⎯⎯⎯⎯⎯⎯⎯⎯⎯⎯⎯⎯⎯⎯⎯⎯⎯⎯⎯⎯⎯[2/6]⎯[22m[39m

[41m[1m FAIL [22m[49m src/app/main.test.tsx[2m > [22mmain bootstrap[2m 
> [22mthrows when the root element is missing
[31m[1mAssertionError[22m: expected [Function] to throw error including 
'Root element #root not found' but got '[vitest] No "QueryClient" export is 
d…'[39m

[32m- Expected[39m
[31m+ Received[39m

[32m- [7mRoot elemen[27mt [7m#[27mro[7mot not found[27m[39m
[31m+ [7m[vitest] No "QueryClient" export is defined on the 
"@tanstack/react-query" mock. Did you forget to return i[27mt 
[7mf[27mro[7mm "vi.mock"?[27m[39m
[31m+ If you need to partially mock a module, you can use "importOriginal" 
helper inside:[39m
[31m+[39m

[36m [2m❯[22m src/app/main.test.tsx:[2m102:3[22m[39m
    [90m100| [39m  document[33m.[39mbody[33m.[39minnerHTML [33m=[39m 
[32m""[39m[33m;[39m
    [90m101| [39m
    [90m102| [39m  await expect(import("./main")).rejects.toThrow("Root 
element #root n…
    [90m   | [39m  [31m^[39m
    [90m103| [39m  [34mexpect[39m(bootstrapMocks[33m.[39mcreateRootMock)
[33m.[39mnot[33m.[39m[34mtoHaveBeenCalled[39m()[33m;[39m
    [90m104| [39m })[33m;[39m

[31m[2m⎯⎯⎯⎯⎯⎯⎯⎯⎯⎯⎯⎯⎯⎯⎯⎯⎯⎯⎯⎯⎯⎯⎯⎯[3/6]⎯[22m[39m

[41m[1m FAIL [22m[49m 
src/shared/components/layout/FloatingNavbar.test.tsx[2m > 
[22mFloatingNavbar[2m > [22mshows analyze as the current destination on the 
analysis route
[31m[1mError[22m: [2mexpect([22m[31melement[31m[2m).toHaveAttribute([2
2m[32m[32m"aria-current"[32m[31m[2m, 
[22m[32m[32m"location"[32m[31m[2m) // 
element.getAttribute("aria-current") === "location"[22m

Expected the element to have attribute:
[32m  aria-current="location"[31m
Received:
[31m  null[31m[39m
[36m [2m❯[22m 
src/shared/components/layout/FloatingNavbar.test.tsx:[2m168:59[22m[39m
    [90m166| [39m  )[33m;[39m
    [90m167| [39m
    [90m168| [39m  expect(screen.getByRole("button", { name: "Analyze" 
})).toHaveAttrib…
    [90m   | [39m                                                          
[31m^[39m
    [90m169| [39m   [32m"aria-current"[39m[33m,[39m
    [90m170| [39m   [32m"location"[39m[33m,[39m

[31m[2m⎯⎯⎯⎯⎯⎯⎯⎯⎯⎯⎯⎯⎯⎯⎯⎯⎯⎯⎯⎯⎯⎯⎯⎯[4/6]⎯[22m[39m

[41m[1m FAIL [22m[49m 
src/shared/components/layout/FloatingNavbar.test.tsx[2m > 
[22mFloatingNavbar[2m > [22mdoes not render on the tournament route
[31m[1mError[22m[39m: 
[2mexpect([22m[31melement[39m[2m).not.toBeInTheDocument()[22m

[31mexpected document not to contain element, found <nav
  aria-label="Primary"
  class="floating-navbar"
>
  <div
    class="floating-navbar__primary"
    style="grid-template-columns: repeat(4, minmax(0, 1fr));"
  >
    <button
      aria-label="Pick Names"
      class="floating-navbar__item motion-safe:duration-200 
motion-safe:ease-out active:scale-[0.98] floating-navbar__item--primary"
      type="button"
    >
      <span
        aria-hidden="true"
        class="floating-navbar__icon"
      >
        <svg
          aria-hidden="true"
          class="lucide lucide-circle-check-big h-5 w-5 sm:h-6 sm:w-6"
          fill="none"
          height="24"
          stroke="currentColor"
          stroke-linecap="round"
          stroke-linejoin="round"
          stroke-width="2"
          viewBox="0 0 24 24"
          width="24"
          xmlns="http://www.w3.org/2000/svg"
        >
          <path
            d="M21.801 10A10 10 0 1 1 17 3.335"
          />
          <path
            d="m9 11 3 3L22 4"
          />
        </svg>
      </span>
      <span
        class="floating-navbar__label"
      >
        Pick Names
      </span>
    </button>
    <button
      aria-label="Analyze"
      class="floating-navbar__item motion-safe:duration-200 
motion-safe:ease-out active:scale-[0.98] floating-navbar__item--primary"
      type="button"
    >
      <span
        aria-hidden="true"
        class="floating-navbar__icon"
      >
        <svg
          aria-hidden="true"
          class="lucide lucide-chart-column h-5 w-5 sm:h-6 sm:w-6"
          fill="none"
          height="24"
          stroke="currentColor"
          stroke-linecap="round"
          stroke-linejoin="round"
          stroke-width="2"
          viewBox="0 0 24 24"
          width="24"
          xmlns="http://www.w3.org/2000/svg"
        >
          <path
            d="M3 3v16a2 2 0 0 0 2 2h16"
          />
          <path
            d="M18 17V9"
          />
          <path
            d="M13 17V5"
          />
          <path
            d="M8 17v-3"
          />
        </svg>
      </span>
      <span
        class="floating-navbar__label"
      >
        Analyze
      </span>
    </button>
    <button
      aria-label="Suggest"
      class="floating-navbar__item motion-safe:duration-200 
motion-safe:ease-out active:scale-[0.98] floating-navbar__item--primary"
      type="button"
    >
      <span
        aria-hidden="true"
        class="floating-navbar__icon"
      >
        <svg
          aria-hidden="true"
          class="lucide lucide-lightbulb h-5 w-5 sm:h-6 sm:w-6"
          fill="none"
          height="24"
          stroke="currentColor"
          stroke-linecap="round"
          stroke-linejoin="round"
          stroke-width="2"
          viewBox="0 0 24 24"
          width="24"
          xmlns="http://www.w3.org/2000/svg"
        >
          <path
            d="M15 14c.2-1 .7-1.7 1.5-2.5 1-.9 1.5-2.2 1.5-3.5A6 6 0 0 0 6 8c0 
1 .2 2.2 1.5 3.5.7.7 1.3 1.5 1.5 2.5"
          />
          <path
            d="M9 18h6"
          />
          <path
            d="M10 22h4"
          />
        </svg>
      </span>
      <span
        class="floating-navbar__label"
      >
        Suggest
      </span>
    </button>
    <button
      aria-label="Profile"
      class="floating-navbar__item motion-safe:duration-200 
motion-safe:ease-out active:scale-[0.98] floating-navbar__item--primary"
      type="button"
    >
      <span
        aria-hidden="true"
        class="floating-navbar__icon"
      >
        <svg
          aria-hidden="true"
          class="lucide lucide-user h-5 w-5"
          fill="none"
          height="24"
          stroke="currentColor"
          stroke-linecap="round"
          stroke-linejoin="round"
          stroke-width="2"
          viewBox="0 0 24 24"
          width="24"
          xmlns="http://www.w3.org/2000/svg"
        >
          <path
            d="M19 21v-2a4 4 0 0 0-4-4H9a4 4 0 0 0-4 4v2"
          />
          <circle
            cx="12"
            cy="7"
            r="4"
          />
        </svg>

[2m Test Files [22m [1m[31m3 failed[39m[22m[2m | [22m[1m[32m25 passed[39m[22m[90m (28)[39m
[2m      Tests [22m [1m[31m6 failed[39m[22m[2m | [22m[1m[32m187 passed[39m[22m[90m (193)[39m
[2m     Errors [22m [1m[31m2 errors[39m[22m
[2m   Start at [22m 17:01:09
[2m   Duration [22m 24.76s[2m (transform 1.64s, setup 431ms, import 15.48s, tests 3.65s, environment 53.11s)[22m

      </span>
      <span
        class="floating-navbar__label"
      >
        Profile
      </span>
    </button>
  </div>
  <div
    class="floating-navbar__utility"
  >
    <button
      aria-label="Grid mode active"
      aria-pressed="false"
      class="floating-navbar__item motion-safe:duration-200 
motion-safe:ease-out active:scale-[0.98] floating-navbar__item--utility"
      type="button"
    >
      <span
        aria-hidden="true"
        class="floating-navbar__icon"
      >
        <svg
          aria-hidden="true"
          class="lucide lucide-layout-grid h-5 w-5 sm:h-6 sm:w-6"
          fill="none"
          height="24"
          stroke="currentColor"
          stroke-linecap="round"
          stroke-linejoin="round"
          stroke-width="2"
          viewBox="0 0 24 24"
          width="24"
          xmlns="http://www.w3.org/2000/svg"
        >
          <rect
            height="7"
            rx="1"
            width="7"
            x="3"
            y="3"
          />
          <rect
            height="7"
            rx="1"
            width="7"
            x="14"
            y="3"
          />
          <rect
            height="7"
            rx="1"
            width="7"
            x="14"
            y="14"
          />
          <rect
            height="7"
            rx="1"
            width="7"
            x="3"
            y="14"
          />
        </svg>
      </span>
      <span
        class="floating-navbar__label floating-navbar__label--utility"
      >
        Grid
      </span>
    </button>
  </div>
</nav> instead[39m
[36m [2m❯[22m 
src/shared/components/layout/FloatingNavbar.test.tsx:[2m234:69[22m[39m
    [90m232| [39m  )[33m;[39m
    [90m233| [39m
    [90m234| [39m  expect(screen.queryByRole("navigation", { name: "Primary" 
})).not.to…
    [90m   | [39m                                                            
        [31m^[39m
    [90m235| [39m })[33m;[39m
    [90m236| [39m})[33m;[39m

[31m[2m⎯⎯⎯⎯⎯⎯⎯⎯⎯⎯⎯⎯⎯⎯⎯⎯⎯⎯⎯⎯⎯⎯⎯⎯[5/6]⎯[22m[39m

[31m⎯⎯⎯⎯⎯⎯[39m[1m[41m Unhandled Errors [49m[22m[31m⎯⎯⎯⎯⎯⎯[39m
[31m[1m
Vitest caught 2 unhandled errors during the test run.
This might cause false positive tests. Resolve unhandled errors to make sure 
your tests are not affected.[22m[39m

[31m⎯⎯⎯⎯[39m[1m[41m Unhandled Rejection [49m[22m[31m⎯⎯⎯⎯⎯[39m
[31m[1mError[22m: Supabase client not available[39m
[36m [2m❯[22m fetchNames src/features/names/queries.ts:[2m88:9[22m[39m
    [90m 86| [39m [35mconst[39m names [33m=[39m [35mawait[39m 
[34mfetchNamesFromSupabase[39m(includeHidden)[33m;[39m
    [90m 87| [39m [35mif[39m (names [33m===[39m [35mnull[39m) {
    [90m 88| [39m  [35mthrow[39m [35mnew[39m 
[33mError[39m([32m"Supabase client not available"[39m)[33m;[39m
    [90m   | [39m        [31m^[39m
    [90m 89| [39m }
    [90m 90| [39m [35mreturn[39m { names[33m,[39m source[33m:[39m 
[32m"supabase"[39m }[33m;[39m
[90m [2m❯[22m processTicksAndRejections 
node:internal/process/task_queues:[2m104:5[22m[39m

[31mThis error originated in "[1msrc/features/names/queries.test.ts[22m" 
test file. It doesn't mean the error was thrown inside the file itself, but 
while it was running.[39m

[31m⎯⎯⎯⎯[39m[1m[41m Unhandled Rejection [49m[22m[31m⎯⎯⎯⎯⎯[39m
[31m[1mError[22m: Supabase client not available[39m
[36m [2m❯[22m fetchHiddenNames 
src/features/names/queries.ts:[2m62:9[22m[39m
    [90m 60| [39m [35mconst[39m client [33m=[39m [35mawait[39m 
[34mresolveSupabaseClient[39m()[33m;[39m
    [90m 61| [39m [35mif[39m ([33m![39mclient) {
    [90m 62| [39m  [35mthrow[39m [35mnew[39m 
[33mError[39m([32m"Supabase client not available"[39m)[33m;[39m
    [90m   | [39m        [31m^[39m
    [90m 63| [39m }
    [90m 64| [39m
[90m [2m❯[22m processTicksAndRejections 
node:internal/process/task_queues:[2m104:5[22m[39m

[31mThis error originated in "[1msrc/features/names/queries.test.ts[22m" 
test file. It doesn't mean the error was thrown inside the file itself, but 
while it was running.[39m
[31m⎯⎯⎯⎯⎯⎯⎯⎯⎯⎯⎯⎯⎯⎯⎯⎯⎯⎯⎯⎯⎯⎯⎯⎯⎯⎯⎯⎯⎯⎯[39m

[1m[41m FAIL [49m[22m [31mTests failed. Watching for file changes...[39m
       [2mpress [22m[1mh[22m[2m to show help[22m[2m, [22m[2mpress [22m[1mq[22m[2m to quit[22m
[31mCancelling test run. Press CTRL+c again to exit forcefully.
[39m
 ELIFECYCLE  Command failed with exit code 130.
